// Jest Snapshot v1, https://goo.gl/fbAQLP

exports[`DashboardLayout Component renders the DashboardLayout Component 1`] = `
<div
  className="css-10650aq"
>
  <header
    className="MuiPaper-root MuiPaper-elevation MuiPaper-elevation4 MuiAppBar-root MuiAppBar-colorPrimary MuiAppBar-positionFixed mui-fixed css-1ubeg51-MuiPaper-root-MuiAppBar-root"
  >
    <div
      className="MuiToolbar-root MuiToolbar-gutters MuiToolbar-regular css-47ifef-MuiToolbar-root"
    >
      <button
        className="MuiButtonBase-root MuiIconButton-root MuiIconButton-sizeMedium css-rcche3-MuiButtonBase-root-MuiIconButton-root"
        disabled={false}
        onBlur={[Function]}
        onClick={[Function]}
        onContextMenu={[Function]}
        onDragLeave={[Function]}
        onFocus={[Function]}
        onKeyDown={[Function]}
        onKeyUp={[Function]}
        onMouseDown={[Function]}
        onMouseLeave={[Function]}
        onMouseUp={[Function]}
        onTouchEnd={[Function]}
        onTouchMove={[Function]}
        onTouchStart={[Function]}
        tabIndex={0}
        type="button"
      >
        <svg
          aria-hidden={true}
          className="MuiSvgIcon-root MuiSvgIcon-fontSizeMedium css-i4bv87-MuiSvgIcon-root"
          data-testid="MenuOpenIcon"
          focusable="false"
          viewBox="0 0 24 24"
        >
          <path
            d="M3 18h13v-2H3v2zm0-5h10v-2H3v2zm0-7v2h13V6H3zm18 9.59L17.42 12 21 8.41 19.59 7l-5 5 5 5L21 15.59z"
          />
        </svg>
      </button>
      <div
        className="MuiBox-root css-i9gxme"
      />
      <div
        className="css-j4k7zp-MuiStack-root"
      >
        <button
          className="MuiButtonBase-root MuiIconButton-root MuiIconButton-sizeMedium css-k2yn7a-MuiButtonBase-root-MuiIconButton-root"
          disabled={false}
          onBlur={[Function]}
          onClick={[Function]}
          onContextMenu={[Function]}
          onDragLeave={[Function]}
          onFocus={[Function]}
          onKeyDown={[Function]}
          onKeyUp={[Function]}
          onMouseDown={[Function]}
          onMouseLeave={[Function]}
          onMouseUp={[Function]}
          onTouchEnd={[Function]}
          onTouchMove={[Function]}
          onTouchStart={[Function]}
          tabIndex={0}
          type="button"
        >
          <div
            className="MuiAvatar-root MuiAvatar-circular MuiAvatar-colorDefault css-1knm3nf-MuiAvatar-root"
          >
            uu
          </div>
        </button>
      </div>
    </div>
  </header>
  <div
    className="css-1y6sui9"
  >
    <div
      className="MuiDrawer-root MuiDrawer-docked css-7ik032-MuiDrawer-docked"
    >
      <div
        className="MuiPaper-root MuiPaper-elevation MuiPaper-elevation0 MuiDrawer-paper MuiDrawer-paperAnchorLeft MuiDrawer-paperAnchorDockedLeft css-1bxy612-MuiPaper-root-MuiDrawer-paper"
        style={
          Object {
            "visibility": undefined,
          }
        }
      >
        <div
          className="MuiBox-root css-1dk38ps"
        >
          <a
            className="MuiBox-root css-vxcmzt"
            href="/"
            onClick={[Function]}
            sx={
              Object {
                "display": "inline-flex",
              }
            }
          >
            <img
              className="MuiBox-root css-1ngw63v"
              src="logo.svg"
            />
          </a>
        </div>
        <div
          className="MuiBox-root css-1jliix"
        >
          <a
            className="MuiTypography-root MuiTypography-inherit MuiLink-root MuiLink-underlineNone css-1oaaite-MuiTypography-root-MuiLink-root"
            href="/"
            onBlur={[Function]}
            onClick={[Function]}
            onFocus={[Function]}
          >
            <div
              className="css-104ow94"
            >
              <div
                className="MuiAvatar-root MuiAvatar-circular MuiAvatar-colorDefault css-1knm3nf-MuiAvatar-root"
              >
                uu
              </div>
              <div
                className="MuiBox-root css-d0uhtl"
              >
                <h6
                  className="MuiTypography-root MuiTypography-subtitle2 css-1vhmb89-MuiTypography-root"
                >
                   
                </h6>
                <p
                  className="MuiTypography-root MuiTypography-body2 css-r40f8v-MuiTypography-root"
                />
              </div>
            </div>
          </a>
        </div>
        <div
          className="MuiBox-root css-0"
        >
          <ul
            className="MuiList-root css-1mk9mw3-MuiList-root"
          >
            <a
              className="MuiListItemButton-root MuiButtonBase-root css-1246w3t-MuiButtonBase-root-MuiListItemButton-root"
              href="/dashboard/employees"
              onBlur={[Function]}
              onClick={[Function]}
              onContextMenu={[Function]}
              onDragLeave={[Function]}
              onFocus={[Function]}
              onKeyDown={[Function]}
              onKeyUp={[Function]}
              onMouseDown={[Function]}
              onMouseLeave={[Function]}
              onMouseUp={[Function]}
              onTouchEnd={[Function]}
              onTouchMove={[Function]}
              onTouchStart={[Function]}
              tabIndex={0}
            >
              <div
                className="MuiListItemIcon-root css-xygmw4-MuiListItemIcon-root"
              >
                <svg
                  aria-hidden={true}
                  className="MuiSvgIcon-root MuiSvgIcon-fontSizeMedium css-i4bv87-MuiSvgIcon-root"
                  data-testid="PeopleAltIcon"
                  focusable="false"
                  viewBox="0 0 24 24"
                >
                  <path
                    d="M16.67 13.13C18.04 14.06 19 15.32 19 17v3h4v-3c0-2.18-3.57-3.47-6.33-3.87z"
                    fillRule="evenodd"
                  />
                  <circle
                    cx="9"
                    cy="8"
                    fillRule="evenodd"
                    r="4"
                  />
                  <path
                    d="M15 12c2.21 0 4-1.79 4-4s-1.79-4-4-4c-.47 0-.91.1-1.33.24C14.5 5.27 15 6.58 15 8s-.5 2.73-1.33 3.76c.42.14.86.24 1.33.24zm-6 1c-2.67 0-8 1.34-8 4v3h16v-3c0-2.66-5.33-4-8-4z"
                    fillRule="evenodd"
                  />
                </svg>
              </div>
              <div
                className="MuiListItemText-root css-tlelie-MuiListItemText-root"
              >
                employees
              </div>
            </a>
          </ul>
        </div>
      </div>
    </div>
  </div>
  <div
    className="css-1byr0tz"
  />
</div>
`;
