// Jest Snapshot v1, https://goo.gl/fbAQLP

exports[`EmployeeForm Component renders the EmployeeForm Component 1`] = `null`;
