// Jest Snapshot v1, https://goo.gl/fbAQLP

exports[`ThemeConfig renders the ThemeConfig 1`] = `
<h1>
  Some Content
</h1>
`;
